security breach
{
  "code": "exec \"import os; os.system('echo security breach')\"\n", 
  "trace": [
    {
      "ordered_globals": [], 
      "stdout": "", 
      "func_name": "<module>", 
      "stack_to_render": [], 
      "globals": {}, 
      "heap": {}, 
      "line": 1, 
      "event": "step_line"
    }, 
    {
      "ordered_globals": [], 
      "stdout": "", 
      "func_name": "<module>", 
      "stack_to_render": [], 
      "globals": {}, 
      "heap": {}, 
      "line": 1, 
      "event": "call"
    }, 
    {
      "ordered_globals": [], 
      "stdout": "", 
      "func_name": "<module>", 
      "stack_to_render": [], 
      "globals": {}, 
      "heap": {}, 
      "line": 1, 
      "event": "step_line"
    }, 
    {
      "ordered_globals": [
        "os", 
        "__package__"
      ], 
      "stdout": "", 
      "func_name": "<module>", 
      "stack_to_render": [], 
      "globals": {
        "os": [
          "REF", 
          1
        ], 
        "__package__": null
      }, 
      "heap": {
        "1": [
          "module", 
          "<module 'os' from '/usr/lib/python2.6/os.pyc'>"
        ]
      }, 
      "line": 1, 
      "event": "step_line"
    }, 
    {
      "ordered_globals": [
        "os", 
        "__package__"
      ], 
      "stdout": "", 
      "func_name": "<module>", 
      "stack_to_render": [], 
      "globals": {
        "os": [
          "REF", 
          1
        ], 
        "__package__": null
      }, 
      "heap": {
        "1": [
          "module", 
          "<module 'os' from '/usr/lib/python2.6/os.pyc'>"
        ]
      }, 
      "line": 1, 
      "event": "return"
    }
  ]
}
