{
  "code": "x = []\nfor i in range(10):\n    x.append(i)\n    if i == 24:\n        pass\n   print y\n", 
  "trace": [
    {
      "exception_msg": "Error: unindent does not match any outer indentation level", 
      "line": 6, 
      "event": "uncaught_exception", 
      "offset": 11
    }
  ]
}
