{
  "code": "x = 5\ny = x\nz = x + y\n\nfor x haslk;fjlasfhlkjl;sa\n", 
  "trace": [
    {
      "exception_msg": "Error: invalid syntax", 
      "line": 5, 
      "event": "uncaught_exception", 
      "offset": 11
    }
  ]
}
